// Jest Snapshot v1, https://goo.gl/fbAQLP

exports[`App rendering Renders OK 1`] = `
<h1>
  react-template
</h1>
`;
