// Jest Snapshot v1, https://goo.gl/fbAQLP

exports[`Poll rendering Renders OK 1`] = `
<div>
  <h1>
    Test Question
  </h1>
  <ul>
    <li>
      a
    </li>
    <li>
      b
    </li>
    <li>
      c
    </li>
  </ul>
</div>
`;
