// Jest Snapshot v1, https://goo.gl/fbAQLP

exports[`Title rendering Renders OK 1`] = `
<h1>
  Untitled
</h1>
`;
